// Jest Snapshot v1, https://goo.gl/fbAQLP

exports[`Search renders correctly 1`] = `
<DocumentFragment>
  <img
    alt="nasa logo in red"
    class="search-form_logo"
    src="https://cdn.cnn.com/cnnnext/dam/assets/200424060716-nasa-worm-logo.jpg"
  />
  <form
    class="search-form"
  >
    <input
      class="search-form_input"
      type="text"
    />
    <button
      alt="magnifying glass button"
      class="search-form_button"
      type="submit"
    />
  </form>
</DocumentFragment>
`;
